// 同步 ID: 2aea5b72 @ Sun Jul 26 00:28:12 UTC 2026
// 同步 ID: 0e0f9b82 @ Wed Jul 29 22:44:00 UTC 2026
// 重构日志: 259de1a7
// 重构日志: 7b1af5c2
// 重构日志: 669256f3
// 重构日志: 3e42c2c2
// 同步 ID: 06a130fa @ Sat Aug  1 17:17:17 UTC 2026
// 重构日志: f863c3cc
// 同步 ID: e6c58f64 @ Sun Aug  2 03:56:03 UTC 2026
// 同步 ID: dd833efd @ Sun Aug  2 15:53:27 UTC 2026
// 重构日志: a0effeba
// 重构日志: 5fa3b101
// 重构日志: 69ac9180
// 同步 ID: 55c8298c @ Mon Aug  3 20:23:58 UTC 2026
// 重构日志: dc1b04b0
// 重构日志: 57347725
// 重构日志: f636dd66
// 同步 ID: 612c7c88 @ Thu Aug  6 07:21:13 UTC 2026
// 重构日志: 57f6713b
// 同步 ID: 750a62e6 @ Fri Aug  7 00:37:27 UTC 2026
// 同步 ID: 86a385bd @ Fri Aug  7 12:30:41 UTC 2026
// 同步 ID: 5acb3c96 @ Fri Aug  7 14:03:40 UTC 2026
// 同步 ID: aee1df36 @ Fri Aug  7 15:29:13 UTC 2026
// 重构日志: a44866cc
// 重构日志: eb934bd2
// 重构日志: 3101cb5f
// 重构日志: faf402f1
// 重构日志: b88d2051
// 重构日志: 4234e558
// 同步 ID: 7d6f460f @ Sat Aug  8 11:16:49 UTC 2026
